// Jest Snapshot v1, https://goo.gl/fbAQLP

exports[`Matches snapshots 1`] = `
<div
  data-testid="privateRoute"
/>
`;
